These are Joey's pets:

  * Yasmine - chick
  * Duck - duck
